# Synopsys Constraint Checker(syntax only), version maplat, Build 1176R, built Apr 20 2015
# Copyright (C) 1994-2015, Synopsys, Inc. This software and the associated documentation are proprietary to Synopsys, Inc. This software may only be used in accordance with the terms and conditions of a written license agreement with Synopsys, Inc.  All other use, reproduction, or distribution of this software is strictly prohibited.

# Written on Tue Sep 22 08:11:19 2015


##### DESIGN INFO #######################################################

Top View:                "toposc00"
Constraint File(s):      (none)

#Run constraint checker to find more issues with constraints.
#########################################################################



No issues found in constraint syntax.



Clock Summary
*************

Start                               Requested     Requested     Clock        Clock              
Clock                               Frequency     Period        Type         Group              
------------------------------------------------------------------------------------------------
oscint00|osc_int_inferred_clock     2.1 MHz       480.769       inferred     Inferred_clkgroup_0
================================================================================================
