# Synopsys Constraint Checker(syntax only), version maplat, Build 1264R, built Aug 18 2015
# Copyright (C) 1994-2015, Synopsys, Inc. This software and the associated documentation are proprietary to Synopsys, Inc. This software may only be used in accordance with the terms and conditions of a written license agreement with Synopsys, Inc.  All other use, reproduction, or distribution of this software is strictly prohibited.

# Written on Sun May 29 21:41:21 2016


##### DESIGN INFO #######################################################

Top View:                "topgeneric00"
Constraint File(s):      (none)

#Run constraint checker to find more issues with constraints.
#########################################################################



No issues found in constraint syntax.



Clock Summary
*************

Start                             Requested     Requested     Clock                                            Clock              
Clock                             Frequency     Period        Type                                             Group              
----------------------------------------------------------------------------------------------------------------------------------
div00|outdiv_derived_clock        2.1 MHz       480.769       derived (from osc00|osc_int0_inferred_clock)     Inferred_clkgroup_0
osc00|osc_int0_inferred_clock     2.1 MHz       480.769       inferred                                         Inferred_clkgroup_0
==================================================================================================================================
